// Jest Snapshot v1, https://goo.gl/fbAQLP

exports[`should render add expense page 1`] = `
<Fragment>
  <h1>
    Add Expense
  </h1>
  <ExpenseForm
    onSubmit={[Function]}
  />
</Fragment>
`;
