// Jest Snapshot v1, https://goo.gl/fbAQLP

exports[`should render header 1`] = `
<header>
  <h1>
    budget trackr
  </h1>
  <NavLink
    activeClassName="is-active"
    to="/dashboard"
  >
    Dashboard
  </NavLink>
  <NavLink
    activeClassName="is-active"
    to="/create"
  >
    Create
  </NavLink>
  <button
    onClick={[Function]}
  >
    Logout
  </button>
</header>
`;
